wayf-static.php,wayf-static.php
wayf.php,wayf.php
perun/wayf.js,wayf.js
perun/wayf_vars.php,wayf_vars.php
perun/wayf.css,wayf.css
trash_64.png,trash_64.png
trash_48.png,trash_48.png
trash_40.png,trash_40.png
trash_32.png,trash_32.png
Mobile_Detect.php,Mobile_Detect.php
mobile.css,mobile.css
missing.png_b64,missing.png_b64
logo,logo
libraries.dat,libraries.dat
jquery-ui.min.js,jquery-ui.min.js
jquery-ui.js,jquery-ui.js
jquery-ui.min.css,jquery-ui.min.css
jquery-ui.css,jquery-ui.css
jquery-2.2.4.min.js,jquery-2.2.4.min.js
jquery.js,jquery.js
help.png,help.png
gear_wheel.png,gear_wheel.png
gb.png,gb.png
filter.php,filter.php
filter.js,filter.js
filter-en.js,filter-en.js
filter-strings-en.js,filter-strings-en.js
filter-strings.js,filter-strings.js
filter.css,filter.css
feeds.js,feeds.js
favicon.ico,favicon.ico
errorpage.css,errorpage.css
ds.js,ds.js
cs.png,cs.png
computer-noscript-dumb.css,computer-noscript-dumb.css
computer-noscript.css,computer-noscript.css
computer-iframe.css,computer-iframe.css
computer.css,computer.css
base64.js,base64.js
android.css,android.css
search.png,search.png
images/ui-bg_diagonals-thick_90_eeeeee_40x40.png,images/ui-bg_diagonals-thick_90_eeeeee_40x40.png
images/ui-bg_glass_100_e4f1fb_1x400.png,images/ui-bg_glass_100_e4f1fb_1x400.png
images/ui-bg_glass_50_3baae3_1x400.png,images/ui-bg_glass_50_3baae3_1x400.png
images/ui-bg_glass_80_d7ebf9_1x400.png,images/ui-bg_glass_80_d7ebf9_1x400.png
images/ui-bg_highlight-hard_100_f2f5f7_1x100.png,images/ui-bg_highlight-hard_100_f2f5f7_1x100.png
images/ui-bg_highlight-hard_70_000000_1x100.png,images/ui-bg_highlight-hard_70_000000_1x100.png
images/ui-bg_highlight-soft_100_deedf7_1x100.png,images/ui-bg_highlight-soft_100_deedf7_1x100.png
images/ui-bg_highlight-soft_25_e7dea8_1x100.png,images/ui-bg_highlight-soft_25_e7dea8_1x100.png
images/ui-bg_highlight-soft_25_ffef8f_1x100.png,images/ui-bg_highlight-soft_25_ffef8f_1x100.png
images/ui-icons_2694e8_256x240.png,images/ui-icons_2694e8_256x240.png
images/ui-icons_2e83ff_256x240.png,images/ui-icons_2e83ff_256x240.png
images/ui-icons_3d80b3_256x240.png,images/ui-icons_3d80b3_256x240.png
images/ui-icons_444444_256x240.png,images/ui-icons_444444_256x240.png
images/ui-icons_555555_256x240.png,images/ui-icons_555555_256x240.png
images/ui-icons_72a7cf_256x240.png,images/ui-icons_72a7cf_256x240.png
images/ui-icons_777620_256x240.png,images/ui-icons_777620_256x240.png
images/ui-icons_777777_256x240.png,images/ui-icons_777777_256x240.png
images/ui-icons_cc0000_256x240.png,images/ui-icons_cc0000_256x240.png
images/ui-icons_ffffff_256x240.png,images/ui-icons_ffffff_256x240.png
flags/nl.png,flags/nl.png
flags/lt.png,flags/lt.png
flags/it.png,flags/it.png
flags/fr.png,flags/fr.png
flags/en.png,flags/en.png
flags/el.png,flags/el.png
flags/de.png,flags/de.png
flags/cs.png,flags/cs.png
flags/es.png,flags/es.png
flags/sv.png,flags/sv.png
custom/test.png,custom/test.png
wayf.tpl,wayf.tpl
errorpage_invalid_return.tpl,errorpage_invalid_return.tpl
errorpage_missing_parameters.tpl,errorpage_missing_parameters.tpl
